URL получено: 39
thumb fail Bench press dumbbell 1.svg HTTP Error 400: Use thumbnail sizes listed on https://w.wiki/GHai
thumb fail Bench press dumbbell 2.svg HTTP Error 400: Use thumbnail sizes listed on https://w.wiki/GHai
thumb fail Bent over lateral cable raises 1.svg HTTP Error 400: Use thumbnail sizes listed on https://w.wiki/GHai
thumb fail Bent over lateral cable raises 2.svg HTTP Error 400: Use thumbnail sizes listed on https://w.wiki/GHai
thumb fail Butterfly machine 1.svg HTTP Error 400: Use thumbnail sizes listed on https://w.wiki/GHai
thumb fail Butterfly machine 2.svg HTTP Error 400: Use thumbnail sizes listed on https://w.wiki/GHai
thumb fail Cable-seated-rows-1.png HTTP Error 400: Use thumbnail sizes listed on https://w.wiki/GHai
thumb fail Cable-seated-rows-2.png HTTP Error 400: Use thumbnail sizes listed on https://w.wiki/GHai
thumb fail Cable crossover 1.svg HTTP Error 400: Use thumbnail sizes listed on https://w.wiki/GHai
thumb fail Cable crossover 2.svg HTTP Error 400: Use thumbnail sizes listed on https://w.wiki/GHai
thumb fail Incline dumbbell press 1.svg HTTP Error 400: Use thumbnail sizes listed on https://w.wiki/GHai
thumb fail Incline dumbbell press 2.svg HTTP Error 400: Use thumbnail sizes listed on https://w.wiki/GHai
thumb fail Lateral dumbbell raises 1.svg HTTP Error 400: Use thumbnail sizes listed on https://w.wiki/GHai
thumb fail Lateral dumbbell raises 2.svg HTTP Error 400: Use thumbnail sizes listed on https://w.wiki/GHai
thumb fail Machine bench press 1.svg HTTP Error 400: Use thumbnail sizes listed on https://w.wiki/GHai
thumb fail Machine bench press 2.svg HTTP Error 400: Use thumbnail sizes listed on https://w.wiki/GHai
thumb fail Rear deltoid row dumbbell 1.svg HTTP Error 400: Use thumbnail sizes listed on https://w.wiki/GHai
thumb fail Rear deltoid row dumbbell 2.svg HTTP Error 400: Use thumbnail sizes listed on https://w.wiki/GHai
thumb fail Wide grip lat pull down 1.svg HTTP Error 400: Use thumbnail sizes listed on https://w.wiki/GHai
